<?xml version="1.0" encoding="utf-8" ?>
<!DOCTYPE html PUBLIC "-//W3C//DTD XHTML 1.0 Transitional//EN" "http://www.w3.org/TR/xhtml1/DTD/xhtml1-transitional.dtd">
<html xmlns="http://www.w3.org/1999/xhtml" xml:lang="en" lang="en">
<head>
<meta http-equiv="Content-Type" content="text/html; charset=utf-8" />
<meta name="generator" content="Docutils 0.11: http://docutils.sourceforge.net/" />
<title></title>
<link rel="stylesheet" href="../input/data/html4css1.css" type="text/css" />
</head>
<body>
<div class="document">


<table class="docutils field-list" frame="void" rules="none">
<col class="field-name" />
<col class="field-body" />
<tbody valign="top">
<tr class="field"><th class="field-name">short:</th><td class="field-body">This field's name is short.</td>
</tr>
<tr class="field"><th class="field-name">medium-length:</th><td class="field-body">This field's name is medium-length.</td>
</tr>
<tr class="field"><th class="field-name">long field name:</th><td class="field-body">This field's name is long.</td>
</tr>
<tr class="field"><th class="field-name">very very long field name:</th><td class="field-body">This field's name is quite long.</td>
</tr>
</tbody>
</table>
</div>
</body>
</html>
